// Jest Snapshot v1, https://goo.gl/fbAQLP

exports[`UriToS3Key should process a uri with a prefix and parameters 3`] = `
{
  "clientIp": "108.41.158.64",
  "headers": {
    "accept": [
      {
        "key": "Accept",
        "value": "text/html,application/xhtml+xml,application/xml;q=0.9,*/*;q=0.8,application/signed-exchange;v=b3;q=0.9",
      },
    ],
    "accept-encoding": [
      {
        "key": "Accept-Encoding",
        "value": "gzip, deflate",
      },
    ],
    "accept-language": [
      {
        "key": "Accept-Language",
        "value": "en-US,en;q=0.9",
      },
    ],
    "cache-control": [
      {
        "key": "Cache-Control",
        "value": "max-age=0",
      },
    ],
    "host": [
      {
        "key": "Host",
        "value": "d1ppm5fhf7dvj2.cloudfront.net",
      },
    ],
    "upgrade-insecure-requests": [
      {
        "key": "Upgrade-Insecure-Requests",
        "value": "1",
      },
    ],
    "user-agent": [
      {
        "key": "User-Agent",
        "value": "Mozilla/5.0 (Macintosh; Intel Mac OS X 11_2_3) AppleWebKit/537.36 (KHTML, like Gecko) Chrome/89.0.4389.114 Safari/537.36",
      },
    ],
  },
  "method": "GET",
  "querystring": "w=300&h=500&fmt=png&sourceImage=%2Fsome%2Fpath%2Fto%2Fghosted.jpg&ext=png",
  "uri": "/some/path/to/ghosted_300x500.png",
}
`;
